[backblue.gif]
[fade.gif]
[index.html]
[keras.io/img/favicon.ico]
[keras.io/js/jquery-2.1.1.min.js]
[keras.io/js/modernizr-2.8.3.min.js]
[keras.io/js/highlight.pack.js]
[keras.io/js/theme.js]
[keras.io/img/keras-logo-small-2018.jpg]
[keras.io/index.html]
[keras.io/fonts/fontawesome-webfont862f.eot]
[keras.io/fonts/fontawesome-webfontd41d.eot]
[keras.io/fonts/fontawesome-webfont862f.woff]
[keras.io/fonts/fontawesome-webfont862f.ttf]
[keras.io/css/theme.css]
[keras.io/css/theme_extra.css]
[keras.io/css/highlight.css]
[keras.io/.html]
[keras.io/img/arxiv-mentions.png]
[keras.io/img/google-logo.png]
[keras.io/img/microsoft-logo.png]
[keras.io/img/nvidia-logo.png]
[keras.io/img/aws-logo.png]
[keras.io/why-use-keras/index.html]
[keras.io/img/regular_stacked_lstm.png]
[keras.io/getting-started/sequential-model-guide/index.html]
[keras.io/getting-started/functional-api-guide/index.html]
[keras.io/getting-started/faq/index.html]
[keras.io/models/about-keras-models/index.html]
[keras.io/models/sequential/index.html]
[keras.io/models/model/index.html]
[keras.io/layers/about-keras-layers/index.html]
[keras.io/layers/core/index.html]
[keras.io/layers/convolutional/index.html]
[keras.io/layers/pooling/index.html]
[keras.io/layers/local/index.html]
[keras.io/layers/recurrent/index.html]
[keras.io/layers/embeddings/index.html]
[keras.io/layers/merge/index.html]
[keras.io/layers/advanced-activations/index.html]
[keras.io/layers/normalization/index.html]
[keras.io/layers/noise/index.html]
[keras.io/layers/wrappers/index.html]
[keras.io/layers/writing-your-own-keras-layers/index.html]
[keras.io/preprocessing/sequence/index.html]
[keras.io/preprocessing/text/index.html]
[keras.io/preprocessing/image/index.html]
[keras.io/losses/index.html]
[keras.io/metrics/index.html]
[keras.io/optimizers/index.html]
[keras.io/activations/index.html]
[keras.io/callbacks/index.html]
[keras.io/datasets/index.html]
[keras.io/applications/index.html]
[keras.io/backend/index.html]
[keras.io/initializers/index.html]
[keras.io/regularizers/index.html]
[keras.io/constraints/index.html]
[keras.io/visualization/index.html]
[keras.io/scikit-learn-api/index.html]
[keras.io/utils/index.html]
[keras.io/contributing/index.html]
[keras.io/fonts/fontawesome-webfont862f.svg]
[blog.keras.io/img/api-design/api-design-stock-photo.jpg]
[blog.keras.io/user-experience-design-for-apis.html]
[blog.keras.io/img/simple-keras-rest-api/keras_api_404.png]
[blog.keras.io/img/simple-keras-rest-api/keras_api_method_not_allowed.png]
[blog.keras.io/img/simple-keras-rest-api/dog.jpg]
[blog.keras.io/building-a-simple-keras-deep-learning-rest-api.html]
[blog.keras.io/img/imgclf/cats_and_dogs.png]
[blog.keras.io/img/imgclf/cat_data_augmentation.png]
[blog.keras.io/img/imgclf/vgg16_original.png]
[blog.keras.io/img/imgclf/vgg16_modified.png]
[blog.keras.io/building-powerful-image-classification-models-using-very-little-data.html]
[keras.io/faq/index.html]
[blog.keras.io/theme/images/icons/delicious.png]
[blog.keras.io/theme/images/icons/rss.png]
[blog.keras.io/theme/images/icons/jamendo.png]
[blog.keras.io/theme/images/icons/stackoverflow.png]
[blog.keras.io/theme/images/icons/twitter.png]
[blog.keras.io/theme/images/icons/linkedin.png]
[blog.keras.io/theme/css/main.css]
[blog.keras.io/theme/images/icons/gitorious.png]
[blog.keras.io/theme/css/pygment.css]
[blog.keras.io/index.html]
[blog.keras.io/img/deep_learning_with_python_cover_thumbnail.png]
[blog.keras.io/img/keras_users_2015_2016.png]
[blog.keras.io/index-2.html]
[blog.keras.io/category/essays.html]
[blog.keras.io/author/adrian-rosebrock.html]
[blog.keras.io/category/tutorials.html]
[blog.keras.io/theme/css/reset.css]
[blog.keras.io/theme/images/icons/digg.html]
[blog.keras.io/theme/images/icons/facebook.html]
[blog.keras.io/img/seq2seq/addition-rnn.png]
[blog.keras.io/img/seq2seq/seq2seq-teacher-forcing.png]
[blog.keras.io/img/seq2seq/seq2seq-inference.png]
[blog.keras.io/a-ten-minute-introduction-to-sequence-to-sequence-learning-in-keras.html]
[blog.keras.io/img/future-of-dl/metalearning1.png]
[blog.keras.io/the-future-of-deep-learning.html]
[blog.keras.io/img/future-of-dl/metalearning2.png]
[blog.keras.io/img/limitations-of-dl/caption_fail.png]
[blog.keras.io/img/limitations-of-dl/adversarial_example.png]
[blog.keras.io/img/limitations-of-dl/ml_model.png]
[blog.keras.io/img/limitations-of-dl/local_vs_extreme_generalization.png]
[blog.keras.io/the-limitations-of-deep-learning.html]
[blog.keras.io/img/jupyter-aws/ec2-panel.png]
[blog.keras.io/img/jupyter-aws/marketplace.png]
[blog.keras.io/img/jupyter-aws/ami.png]
[blog.keras.io/img/jupyter-aws/p2.png]
[blog.keras.io/img/jupyter-aws/security-group.png]
[blog.keras.io/img/jupyter-aws/connection-instructions.png]
[blog.keras.io/img/jupyter-aws/safety-warning.png]
[blog.keras.io/img/jupyter-aws/dashboard.png]
[blog.keras.io/img/jupyter-aws/new-notebook.png]
[blog.keras.io/running-jupyter-notebooks-on-gpu-on-aws-a-starter-guide.html]
[blog.keras.io/introducing-keras-2.html]
[blog.keras.io/category/news.html]
[blog.keras.io/using-pre-trained-word-embeddings-in-a-keras-model.html]
[blog.keras.io/on-the-importance-of-democratizing-artificial-intelligence.html]
[blog.keras.io/img/ae/autoencoder_schema.jpg]
[blog.keras.io/img/ae/jigsaw-puzzle.png]
[blog.keras.io/img/ae/basic_ae_32.png]
[blog.keras.io/img/ae/sparse_ae_32.png]
[blog.keras.io/img/ae/deep_ae_32.png]
[blog.keras.io/img/ae/tb_curves.png]
[blog.keras.io/img/ae/deep_conv_ae_128.png]
[blog.keras.io/img/ae/encoded_representations.png]
[blog.keras.io/img/ae/noisy_digits.png]
[blog.keras.io/img/ae/denoised_digits.png]
[blog.keras.io/img/ae/vae_classes_plane.png]
[blog.keras.io/img/ae/vae_digits_manifold.png]
[blog.keras.io/building-autoencoders-in-keras.html]
[blog.keras.io/img/keras-tensorflow-logo.jpg]
[blog.keras.io/keras-as-a-simplified-interface-to-tensorflow-tutorial.html]
[blog.keras.io/introducing-keras-10.html]
[blog.keras.io/img/conv5_2_stitched_filters_8x3.png]
[blog.keras.io/img/conv5_1_filter_0.png]
[blog.keras.io/img/vgg16_filters_overview.jpg]
[blog.keras.io/img/filter_dream.jpg]
[blog.keras.io/img/seasnake.jpg]
[blog.keras.io/img/magpie.jpg]
[blog.keras.io/how-convolutional-neural-networks-see-the-world.html]
[blog.keras.io/category/demo.html]
[blog.keras.io/keras-now-running-on-tensorflow.html]
[blog.keras.io/author/francois-chollet.html]
[blog.keras.io/author/img/simple-keras-rest-api/keras_api_404.html]
[blog.keras.io/author/img/simple-keras-rest-api/keras_api_method_not_allowed.html]
[blog.keras.io/author/img/simple-keras-rest-api/dog.html]
[blog.keras.io/category/img/simple-keras-rest-api/keras_api_404.html]
[blog.keras.io/category/img/simple-keras-rest-api/keras_api_method_not_allowed.html]
[blog.keras.io/category/img/simple-keras-rest-api/dog.html]
